  MainCode.cpp
C:\Users\keeep\Documents\School\SNHU\SNHU_GitStuff\CS-499-Breakout-Game\OriginalArtifact_CppCode\Utilities\linmath.h(64,1): warning C4244: 'initializing': conversion from 'double' to 'float', possible loss of data
  (compiling source file 'Source/MainCode.cpp')
  
C:\Users\keeep\Documents\School\SNHU\SNHU_GitStuff\CS-499-Breakout-Game\OriginalArtifact_CppCode\Utilities\linmath.h(65,1): warning C4244: 'initializing': conversion from 'double' to 'float', possible loss of data
  (compiling source file 'Source/MainCode.cpp')
  
C:\Users\keeep\Documents\School\SNHU\SNHU_GitStuff\CS-499-Breakout-Game\OriginalArtifact_CppCode\Utilities\linmath.h(66,1): warning C4244: 'initializing': conversion from 'double' to 'float', possible loss of data
  (compiling source file 'Source/MainCode.cpp')
  
C:\Users\keeep\Documents\School\SNHU\SNHU_GitStuff\CS-499-Breakout-Game\OriginalArtifact_CppCode\Utilities\linmath.h(344,17): warning C4244: '=': conversion from 'double' to 'float', possible loss of data
  (compiling source file 'Source/MainCode.cpp')
  
C:\Users\keeep\Documents\School\SNHU\SNHU_GitStuff\CS-499-Breakout-Game\OriginalArtifact_CppCode\Utilities\linmath.h(597,18): warning C4244: 'argument': conversion from 'double' to 'float', possible loss of data
  (compiling source file 'Source/MainCode.cpp')
  
C:\Users\keeep\Documents\School\SNHU\SNHU_GitStuff\CS-499-Breakout-Game\OriginalArtifact_CppCode\Utilities\linmath.h(604,18): warning C4244: 'argument': conversion from 'double' to 'float', possible loss of data
  (compiling source file 'Source/MainCode.cpp')
  
C:\Program Files (x86)\Windows Kits\10\Include\10.0.26100.0\shared\minwindef.h(130,9): warning C4005: 'APIENTRY': macro redefinition
  (compiling source file 'Source/MainCode.cpp')
      C:\Users\keeep\Documents\School\SNHU\SNHU_GitStuff\CS-499-Breakout-Game\OriginalArtifact_CppCode\Libraries\GLFW\include\GLFW\glfw3.h(123,11):
      see previous definition of 'APIENTRY'
  
C:\Users\keeep\Documents\School\SNHU\SNHU_GitStuff\CS-499-Breakout-Game\OriginalArtifact_CppCode\CS-330_Artifact\8-2_Assignment\Source\MainCode.cpp(13,31): warning C4305: 'initializing': truncation from 'double' to 'float'
C:\Users\keeep\Documents\School\SNHU\SNHU_GitStuff\CS-499-Breakout-Game\OriginalArtifact_CppCode\CS-330_Artifact\8-2_Assignment\Source\MainCode.cpp(63,16): warning C4305: 'initializing': truncation from 'double' to 'float'
C:\Users\keeep\Documents\School\SNHU\SNHU_GitStuff\CS-499-Breakout-Game\OriginalArtifact_CppCode\CS-330_Artifact\8-2_Assignment\Source\MainCode.cpp(69,7): warning C4244: '=': conversion from 'double' to 'float', possible loss of data
C:\Users\keeep\Documents\School\SNHU\SNHU_GitStuff\CS-499-Breakout-Game\OriginalArtifact_CppCode\CS-330_Artifact\8-2_Assignment\Source\MainCode.cpp(70,7): warning C4244: '=': conversion from 'double' to 'float', possible loss of data
C:\Users\keeep\Documents\School\SNHU\SNHU_GitStuff\CS-499-Breakout-Game\OriginalArtifact_CppCode\CS-330_Artifact\8-2_Assignment\Source\MainCode.cpp(71,12): warning C4244: '=': conversion from 'double' to 'float', possible loss of data
C:\Users\keeep\Documents\School\SNHU\SNHU_GitStuff\CS-499-Breakout-Game\OriginalArtifact_CppCode\CS-330_Artifact\8-2_Assignment\Source\MainCode.cpp(99,11): warning C4305: '-=': truncation from 'double' to 'float'
C:\Users\keeep\Documents\School\SNHU\SNHU_GitStuff\CS-499-Breakout-Game\OriginalArtifact_CppCode\CS-330_Artifact\8-2_Assignment\Source\MainCode.cpp(103,11): warning C4305: '+=': truncation from 'double' to 'float'
C:\Users\keeep\Documents\School\SNHU\SNHU_GitStuff\CS-499-Breakout-Game\OriginalArtifact_CppCode\CS-330_Artifact\8-2_Assignment\Source\MainCode.cpp(108,11): warning C4305: '-=': truncation from 'double' to 'float'
C:\Users\keeep\Documents\School\SNHU\SNHU_GitStuff\CS-499-Breakout-Game\OriginalArtifact_CppCode\CS-330_Artifact\8-2_Assignment\Source\MainCode.cpp(112,11): warning C4305: '+=': truncation from 'double' to 'float'
C:\Users\keeep\Documents\School\SNHU\SNHU_GitStuff\CS-499-Breakout-Game\OriginalArtifact_CppCode\CS-330_Artifact\8-2_Assignment\Source\MainCode.cpp(162,29): warning C4244: '=': conversion from 'double' to 'float', possible loss of data
C:\Users\keeep\Documents\School\SNHU\SNHU_GitStuff\CS-499-Breakout-Game\OriginalArtifact_CppCode\CS-330_Artifact\8-2_Assignment\Source\MainCode.cpp(321,41): warning C4305: 'argument': truncation from 'double' to 'float'
C:\Users\keeep\Documents\School\SNHU\SNHU_GitStuff\CS-499-Breakout-Game\OriginalArtifact_CppCode\CS-330_Artifact\8-2_Assignment\Source\MainCode.cpp(321,35): warning C4305: 'argument': truncation from 'double' to 'float'
C:\Users\keeep\Documents\School\SNHU\SNHU_GitStuff\CS-499-Breakout-Game\OriginalArtifact_CppCode\CS-330_Artifact\8-2_Assignment\Source\MainCode.cpp(322,47): warning C4305: 'argument': truncation from 'double' to 'float'
C:\Users\keeep\Documents\School\SNHU\SNHU_GitStuff\CS-499-Breakout-Game\OriginalArtifact_CppCode\CS-330_Artifact\8-2_Assignment\Source\MainCode.cpp(322,41): warning C4305: 'argument': truncation from 'double' to 'float'
C:\Users\keeep\Documents\School\SNHU\SNHU_GitStuff\CS-499-Breakout-Game\OriginalArtifact_CppCode\CS-330_Artifact\8-2_Assignment\Source\MainCode.cpp(322,35): warning C4305: 'argument': truncation from 'double' to 'float'
C:\Users\keeep\Documents\School\SNHU\SNHU_GitStuff\CS-499-Breakout-Game\OriginalArtifact_CppCode\CS-330_Artifact\8-2_Assignment\Source\MainCode.cpp(323,48): warning C4305: 'argument': truncation from 'double' to 'float'
C:\Users\keeep\Documents\School\SNHU\SNHU_GitStuff\CS-499-Breakout-Game\OriginalArtifact_CppCode\CS-330_Artifact\8-2_Assignment\Source\MainCode.cpp(323,42): warning C4305: 'argument': truncation from 'double' to 'float'
C:\Users\keeep\Documents\School\SNHU\SNHU_GitStuff\CS-499-Breakout-Game\OriginalArtifact_CppCode\CS-330_Artifact\8-2_Assignment\Source\MainCode.cpp(323,37): warning C4305: 'argument': truncation from 'double' to 'float'
C:\Users\keeep\Documents\School\SNHU\SNHU_GitStuff\CS-499-Breakout-Game\OriginalArtifact_CppCode\CS-330_Artifact\8-2_Assignment\Source\MainCode.cpp(326,12): warning C4244: 'argument': conversion from 'time_t' to 'unsigned int', possible loss of data
C:\Users\keeep\Documents\School\SNHU\SNHU_GitStuff\CS-499-Breakout-Game\OriginalArtifact_CppCode\CS-330_Artifact\8-2_Assignment\Source\MainCode.cpp(347,54): warning C4305: 'argument': truncation from 'double' to 'float'
C:\Users\keeep\Documents\School\SNHU\SNHU_GitStuff\CS-499-Breakout-Game\OriginalArtifact_CppCode\CS-330_Artifact\8-2_Assignment\Source\MainCode.cpp(347,48): warning C4305: 'argument': truncation from 'double' to 'float'
C:\Users\keeep\Documents\School\SNHU\SNHU_GitStuff\CS-499-Breakout-Game\OriginalArtifact_CppCode\CS-330_Artifact\8-2_Assignment\Source\MainCode.cpp(347,42): warning C4305: 'argument': truncation from 'double' to 'float'
C:\Users\keeep\Documents\School\SNHU\SNHU_GitStuff\CS-499-Breakout-Game\OriginalArtifact_CppCode\CS-330_Artifact\8-2_Assignment\Source\MainCode.cpp(347,37): warning C4305: 'argument': truncation from 'double' to 'float'
C:\Users\keeep\Documents\School\SNHU\SNHU_GitStuff\CS-499-Breakout-Game\OriginalArtifact_CppCode\CS-330_Artifact\8-2_Assignment\Source\MainCode.cpp(347,32): warning C4305: 'argument': truncation from 'double' to 'float'
C:\Users\keeep\Documents\School\SNHU\SNHU_GitStuff\CS-499-Breakout-Game\OriginalArtifact_CppCode\CS-330_Artifact\8-2_Assignment\Source\MainCode.cpp(347,26): warning C4305: 'argument': truncation from 'double' to 'float'
C:\Users\keeep\Documents\School\SNHU\SNHU_GitStuff\CS-499-Breakout-Game\OriginalArtifact_CppCode\CS-330_Artifact\8-2_Assignment\Source\MainCode.cpp(348,54): warning C4305: 'argument': truncation from 'double' to 'float'
C:\Users\keeep\Documents\School\SNHU\SNHU_GitStuff\CS-499-Breakout-Game\OriginalArtifact_CppCode\CS-330_Artifact\8-2_Assignment\Source\MainCode.cpp(348,48): warning C4305: 'argument': truncation from 'double' to 'float'
C:\Users\keeep\Documents\School\SNHU\SNHU_GitStuff\CS-499-Breakout-Game\OriginalArtifact_CppCode\CS-330_Artifact\8-2_Assignment\Source\MainCode.cpp(348,42): warning C4305: 'argument': truncation from 'double' to 'float'
C:\Users\keeep\Documents\School\SNHU\SNHU_GitStuff\CS-499-Breakout-Game\OriginalArtifact_CppCode\CS-330_Artifact\8-2_Assignment\Source\MainCode.cpp(348,37): warning C4305: 'argument': truncation from 'double' to 'float'
C:\Users\keeep\Documents\School\SNHU\SNHU_GitStuff\CS-499-Breakout-Game\OriginalArtifact_CppCode\CS-330_Artifact\8-2_Assignment\Source\MainCode.cpp(348,32): warning C4305: 'argument': truncation from 'double' to 'float'
C:\Users\keeep\Documents\School\SNHU\SNHU_GitStuff\CS-499-Breakout-Game\OriginalArtifact_CppCode\CS-330_Artifact\8-2_Assignment\Source\MainCode.cpp(348,27): warning C4305: 'argument': truncation from 'double' to 'float'
C:\Users\keeep\Documents\School\SNHU\SNHU_GitStuff\CS-499-Breakout-Game\OriginalArtifact_CppCode\CS-330_Artifact\8-2_Assignment\Source\MainCode.cpp(351,52): warning C4305: 'argument': truncation from 'double' to 'float'
C:\Users\keeep\Documents\School\SNHU\SNHU_GitStuff\CS-499-Breakout-Game\OriginalArtifact_CppCode\CS-330_Artifact\8-2_Assignment\Source\MainCode.cpp(351,46): warning C4305: 'argument': truncation from 'double' to 'float'
C:\Users\keeep\Documents\School\SNHU\SNHU_GitStuff\CS-499-Breakout-Game\OriginalArtifact_CppCode\CS-330_Artifact\8-2_Assignment\Source\MainCode.cpp(351,41): warning C4305: 'argument': truncation from 'double' to 'float'
C:\Users\keeep\Documents\School\SNHU\SNHU_GitStuff\CS-499-Breakout-Game\OriginalArtifact_CppCode\CS-330_Artifact\8-2_Assignment\Source\MainCode.cpp(351,35): warning C4305: 'argument': truncation from 'double' to 'float'
C:\Users\keeep\Documents\School\SNHU\SNHU_GitStuff\CS-499-Breakout-Game\OriginalArtifact_CppCode\CS-330_Artifact\8-2_Assignment\Source\MainCode.cpp(351,29): warning C4305: 'argument': truncation from 'double' to 'float'
C:\Users\keeep\Documents\School\SNHU\SNHU_GitStuff\CS-499-Breakout-Game\OriginalArtifact_CppCode\CS-330_Artifact\8-2_Assignment\Source\MainCode.cpp(352,52): warning C4305: 'argument': truncation from 'double' to 'float'
C:\Users\keeep\Documents\School\SNHU\SNHU_GitStuff\CS-499-Breakout-Game\OriginalArtifact_CppCode\CS-330_Artifact\8-2_Assignment\Source\MainCode.cpp(352,46): warning C4305: 'argument': truncation from 'double' to 'float'
C:\Users\keeep\Documents\School\SNHU\SNHU_GitStuff\CS-499-Breakout-Game\OriginalArtifact_CppCode\CS-330_Artifact\8-2_Assignment\Source\MainCode.cpp(352,41): warning C4305: 'argument': truncation from 'double' to 'float'
C:\Users\keeep\Documents\School\SNHU\SNHU_GitStuff\CS-499-Breakout-Game\OriginalArtifact_CppCode\CS-330_Artifact\8-2_Assignment\Source\MainCode.cpp(352,35): warning C4305: 'argument': truncation from 'double' to 'float'
C:\Users\keeep\Documents\School\SNHU\SNHU_GitStuff\CS-499-Breakout-Game\OriginalArtifact_CppCode\CS-330_Artifact\8-2_Assignment\Source\MainCode.cpp(352,29): warning C4305: 'argument': truncation from 'double' to 'float'
C:\Users\keeep\Documents\School\SNHU\SNHU_GitStuff\CS-499-Breakout-Game\OriginalArtifact_CppCode\CS-330_Artifact\8-2_Assignment\Source\MainCode.cpp(353,52): warning C4305: 'argument': truncation from 'double' to 'float'
C:\Users\keeep\Documents\School\SNHU\SNHU_GitStuff\CS-499-Breakout-Game\OriginalArtifact_CppCode\CS-330_Artifact\8-2_Assignment\Source\MainCode.cpp(353,46): warning C4305: 'argument': truncation from 'double' to 'float'
C:\Users\keeep\Documents\School\SNHU\SNHU_GitStuff\CS-499-Breakout-Game\OriginalArtifact_CppCode\CS-330_Artifact\8-2_Assignment\Source\MainCode.cpp(353,41): warning C4305: 'argument': truncation from 'double' to 'float'
C:\Users\keeep\Documents\School\SNHU\SNHU_GitStuff\CS-499-Breakout-Game\OriginalArtifact_CppCode\CS-330_Artifact\8-2_Assignment\Source\MainCode.cpp(353,29): warning C4305: 'argument': truncation from 'double' to 'float'
C:\Users\keeep\Documents\School\SNHU\SNHU_GitStuff\CS-499-Breakout-Game\OriginalArtifact_CppCode\CS-330_Artifact\8-2_Assignment\Source\MainCode.cpp(354,49): warning C4305: 'argument': truncation from 'double' to 'float'
C:\Users\keeep\Documents\School\SNHU\SNHU_GitStuff\CS-499-Breakout-Game\OriginalArtifact_CppCode\CS-330_Artifact\8-2_Assignment\Source\MainCode.cpp(354,43): warning C4305: 'argument': truncation from 'double' to 'float'
C:\Users\keeep\Documents\School\SNHU\SNHU_GitStuff\CS-499-Breakout-Game\OriginalArtifact_CppCode\CS-330_Artifact\8-2_Assignment\Source\MainCode.cpp(354,38): warning C4305: 'argument': truncation from 'double' to 'float'
C:\Users\keeep\Documents\School\SNHU\SNHU_GitStuff\CS-499-Breakout-Game\OriginalArtifact_CppCode\CS-330_Artifact\8-2_Assignment\Source\MainCode.cpp(355,51): warning C4305: 'argument': truncation from 'double' to 'float'
C:\Users\keeep\Documents\School\SNHU\SNHU_GitStuff\CS-499-Breakout-Game\OriginalArtifact_CppCode\CS-330_Artifact\8-2_Assignment\Source\MainCode.cpp(355,45): warning C4305: 'argument': truncation from 'double' to 'float'
C:\Users\keeep\Documents\School\SNHU\SNHU_GitStuff\CS-499-Breakout-Game\OriginalArtifact_CppCode\CS-330_Artifact\8-2_Assignment\Source\MainCode.cpp(355,40): warning C4305: 'argument': truncation from 'double' to 'float'
C:\Users\keeep\Documents\School\SNHU\SNHU_GitStuff\CS-499-Breakout-Game\OriginalArtifact_CppCode\CS-330_Artifact\8-2_Assignment\Source\MainCode.cpp(355,29): warning C4305: 'argument': truncation from 'double' to 'float'
C:\Users\keeep\Documents\School\SNHU\SNHU_GitStuff\CS-499-Breakout-Game\OriginalArtifact_CppCode\CS-330_Artifact\8-2_Assignment\Source\MainCode.cpp(356,51): warning C4305: 'argument': truncation from 'double' to 'float'
C:\Users\keeep\Documents\School\SNHU\SNHU_GitStuff\CS-499-Breakout-Game\OriginalArtifact_CppCode\CS-330_Artifact\8-2_Assignment\Source\MainCode.cpp(356,45): warning C4305: 'argument': truncation from 'double' to 'float'
C:\Users\keeep\Documents\School\SNHU\SNHU_GitStuff\CS-499-Breakout-Game\OriginalArtifact_CppCode\CS-330_Artifact\8-2_Assignment\Source\MainCode.cpp(356,40): warning C4305: 'argument': truncation from 'double' to 'float'
C:\Users\keeep\Documents\School\SNHU\SNHU_GitStuff\CS-499-Breakout-Game\OriginalArtifact_CppCode\CS-330_Artifact\8-2_Assignment\Source\MainCode.cpp(356,34): warning C4305: 'argument': truncation from 'double' to 'float'
C:\Users\keeep\Documents\School\SNHU\SNHU_GitStuff\CS-499-Breakout-Game\OriginalArtifact_CppCode\CS-330_Artifact\8-2_Assignment\Source\MainCode.cpp(356,29): warning C4305: 'argument': truncation from 'double' to 'float'
C:\Users\keeep\Documents\School\SNHU\SNHU_GitStuff\CS-499-Breakout-Game\OriginalArtifact_CppCode\CS-330_Artifact\8-2_Assignment\Source\MainCode.cpp(357,51): warning C4305: 'argument': truncation from 'double' to 'float'
C:\Users\keeep\Documents\School\SNHU\SNHU_GitStuff\CS-499-Breakout-Game\OriginalArtifact_CppCode\CS-330_Artifact\8-2_Assignment\Source\MainCode.cpp(357,45): warning C4305: 'argument': truncation from 'double' to 'float'
C:\Users\keeep\Documents\School\SNHU\SNHU_GitStuff\CS-499-Breakout-Game\OriginalArtifact_CppCode\CS-330_Artifact\8-2_Assignment\Source\MainCode.cpp(357,40): warning C4305: 'argument': truncation from 'double' to 'float'
C:\Users\keeep\Documents\School\SNHU\SNHU_GitStuff\CS-499-Breakout-Game\OriginalArtifact_CppCode\CS-330_Artifact\8-2_Assignment\Source\MainCode.cpp(357,34): warning C4305: 'argument': truncation from 'double' to 'float'
C:\Users\keeep\Documents\School\SNHU\SNHU_GitStuff\CS-499-Breakout-Game\OriginalArtifact_CppCode\CS-330_Artifact\8-2_Assignment\Source\MainCode.cpp(357,29): warning C4305: 'argument': truncation from 'double' to 'float'
C:\Users\keeep\Documents\School\SNHU\SNHU_GitStuff\CS-499-Breakout-Game\OriginalArtifact_CppCode\CS-330_Artifact\8-2_Assignment\Source\MainCode.cpp(360,55): warning C4305: 'argument': truncation from 'double' to 'float'
C:\Users\keeep\Documents\School\SNHU\SNHU_GitStuff\CS-499-Breakout-Game\OriginalArtifact_CppCode\CS-330_Artifact\8-2_Assignment\Source\MainCode.cpp(360,49): warning C4305: 'argument': truncation from 'double' to 'float'
C:\Users\keeep\Documents\School\SNHU\SNHU_GitStuff\CS-499-Breakout-Game\OriginalArtifact_CppCode\CS-330_Artifact\8-2_Assignment\Source\MainCode.cpp(360,43): warning C4305: 'argument': truncation from 'double' to 'float'
C:\Users\keeep\Documents\School\SNHU\SNHU_GitStuff\CS-499-Breakout-Game\OriginalArtifact_CppCode\CS-330_Artifact\8-2_Assignment\Source\MainCode.cpp(360,38): warning C4305: 'argument': truncation from 'double' to 'float'
C:\Users\keeep\Documents\School\SNHU\SNHU_GitStuff\CS-499-Breakout-Game\OriginalArtifact_CppCode\CS-330_Artifact\8-2_Assignment\Source\MainCode.cpp(360,33): warning C4305: 'argument': truncation from 'double' to 'float'
C:\Users\keeep\Documents\School\SNHU\SNHU_GitStuff\CS-499-Breakout-Game\OriginalArtifact_CppCode\CS-330_Artifact\8-2_Assignment\Source\MainCode.cpp(361,58): warning C4305: 'argument': truncation from 'double' to 'float'
C:\Users\keeep\Documents\School\SNHU\SNHU_GitStuff\CS-499-Breakout-Game\OriginalArtifact_CppCode\CS-330_Artifact\8-2_Assignment\Source\MainCode.cpp(361,52): warning C4305: 'argument': truncation from 'double' to 'float'
C:\Users\keeep\Documents\School\SNHU\SNHU_GitStuff\CS-499-Breakout-Game\OriginalArtifact_CppCode\CS-330_Artifact\8-2_Assignment\Source\MainCode.cpp(361,46): warning C4305: 'argument': truncation from 'double' to 'float'
C:\Users\keeep\Documents\School\SNHU\SNHU_GitStuff\CS-499-Breakout-Game\OriginalArtifact_CppCode\CS-330_Artifact\8-2_Assignment\Source\MainCode.cpp(361,41): warning C4305: 'argument': truncation from 'double' to 'float'
C:\Users\keeep\Documents\School\SNHU\SNHU_GitStuff\CS-499-Breakout-Game\OriginalArtifact_CppCode\CS-330_Artifact\8-2_Assignment\Source\MainCode.cpp(361,36): warning C4305: 'argument': truncation from 'double' to 'float'
C:\Users\keeep\Documents\School\SNHU\SNHU_GitStuff\CS-499-Breakout-Game\OriginalArtifact_CppCode\CS-330_Artifact\8-2_Assignment\Source\MainCode.cpp(361,30): warning C4305: 'argument': truncation from 'double' to 'float'
C:\Users\keeep\Documents\School\SNHU\SNHU_GitStuff\CS-499-Breakout-Game\OriginalArtifact_CppCode\CS-330_Artifact\8-2_Assignment\Source\MainCode.cpp(362,56): warning C4305: 'argument': truncation from 'double' to 'float'
C:\Users\keeep\Documents\School\SNHU\SNHU_GitStuff\CS-499-Breakout-Game\OriginalArtifact_CppCode\CS-330_Artifact\8-2_Assignment\Source\MainCode.cpp(362,50): warning C4305: 'argument': truncation from 'double' to 'float'
C:\Users\keeep\Documents\School\SNHU\SNHU_GitStuff\CS-499-Breakout-Game\OriginalArtifact_CppCode\CS-330_Artifact\8-2_Assignment\Source\MainCode.cpp(362,44): warning C4305: 'argument': truncation from 'double' to 'float'
C:\Users\keeep\Documents\School\SNHU\SNHU_GitStuff\CS-499-Breakout-Game\OriginalArtifact_CppCode\CS-330_Artifact\8-2_Assignment\Source\MainCode.cpp(362,39): warning C4305: 'argument': truncation from 'double' to 'float'
C:\Users\keeep\Documents\School\SNHU\SNHU_GitStuff\CS-499-Breakout-Game\OriginalArtifact_CppCode\CS-330_Artifact\8-2_Assignment\Source\MainCode.cpp(362,30): warning C4305: 'argument': truncation from 'double' to 'float'
C:\Users\keeep\Documents\School\SNHU\SNHU_GitStuff\CS-499-Breakout-Game\OriginalArtifact_CppCode\CS-330_Artifact\8-2_Assignment\Source\MainCode.cpp(363,59): warning C4305: 'argument': truncation from 'double' to 'float'
C:\Users\keeep\Documents\School\SNHU\SNHU_GitStuff\CS-499-Breakout-Game\OriginalArtifact_CppCode\CS-330_Artifact\8-2_Assignment\Source\MainCode.cpp(363,53): warning C4305: 'argument': truncation from 'double' to 'float'
C:\Users\keeep\Documents\School\SNHU\SNHU_GitStuff\CS-499-Breakout-Game\OriginalArtifact_CppCode\CS-330_Artifact\8-2_Assignment\Source\MainCode.cpp(363,47): warning C4305: 'argument': truncation from 'double' to 'float'
C:\Users\keeep\Documents\School\SNHU\SNHU_GitStuff\CS-499-Breakout-Game\OriginalArtifact_CppCode\CS-330_Artifact\8-2_Assignment\Source\MainCode.cpp(363,42): warning C4305: 'argument': truncation from 'double' to 'float'
C:\Users\keeep\Documents\School\SNHU\SNHU_GitStuff\CS-499-Breakout-Game\OriginalArtifact_CppCode\CS-330_Artifact\8-2_Assignment\Source\MainCode.cpp(363,36): warning C4305: 'argument': truncation from 'double' to 'float'
C:\Users\keeep\Documents\School\SNHU\SNHU_GitStuff\CS-499-Breakout-Game\OriginalArtifact_CppCode\CS-330_Artifact\8-2_Assignment\Source\MainCode.cpp(363,30): warning C4305: 'argument': truncation from 'double' to 'float'
C:\Users\keeep\Documents\School\SNHU\SNHU_GitStuff\CS-499-Breakout-Game\OriginalArtifact_CppCode\CS-330_Artifact\8-2_Assignment\Source\MainCode.cpp(366,46): warning C4305: 'argument': truncation from 'double' to 'float'
C:\Users\keeep\Documents\School\SNHU\SNHU_GitStuff\CS-499-Breakout-Game\OriginalArtifact_CppCode\CS-330_Artifact\8-2_Assignment\Source\MainCode.cpp(366,41): warning C4305: 'argument': truncation from 'double' to 'float'
C:\Users\keeep\Documents\School\SNHU\SNHU_GitStuff\CS-499-Breakout-Game\OriginalArtifact_CppCode\CS-330_Artifact\8-2_Assignment\Source\MainCode.cpp(366,35): warning C4305: 'argument': truncation from 'double' to 'float'
C:\Users\keeep\Documents\School\SNHU\SNHU_GitStuff\CS-499-Breakout-Game\OriginalArtifact_CppCode\CS-330_Artifact\8-2_Assignment\Source\MainCode.cpp(366,28): warning C4305: 'argument': truncation from 'double' to 'float'
C:\Users\keeep\Documents\School\SNHU\SNHU_GitStuff\CS-499-Breakout-Game\OriginalArtifact_CppCode\CS-330_Artifact\8-2_Assignment\Source\MainCode.cpp(367,56): warning C4305: 'argument': truncation from 'double' to 'float'
C:\Users\keeep\Documents\School\SNHU\SNHU_GitStuff\CS-499-Breakout-Game\OriginalArtifact_CppCode\CS-330_Artifact\8-2_Assignment\Source\MainCode.cpp(367,50): warning C4305: 'argument': truncation from 'double' to 'float'
C:\Users\keeep\Documents\School\SNHU\SNHU_GitStuff\CS-499-Breakout-Game\OriginalArtifact_CppCode\CS-330_Artifact\8-2_Assignment\Source\MainCode.cpp(367,45): warning C4305: 'argument': truncation from 'double' to 'float'
C:\Users\keeep\Documents\School\SNHU\SNHU_GitStuff\CS-499-Breakout-Game\OriginalArtifact_CppCode\CS-330_Artifact\8-2_Assignment\Source\MainCode.cpp(367,40): warning C4305: 'argument': truncation from 'double' to 'float'
C:\Users\keeep\Documents\School\SNHU\SNHU_GitStuff\CS-499-Breakout-Game\OriginalArtifact_CppCode\CS-330_Artifact\8-2_Assignment\Source\MainCode.cpp(367,34): warning C4305: 'argument': truncation from 'double' to 'float'
C:\Users\keeep\Documents\School\SNHU\SNHU_GitStuff\CS-499-Breakout-Game\OriginalArtifact_CppCode\CS-330_Artifact\8-2_Assignment\Source\MainCode.cpp(367,28): warning C4305: 'argument': truncation from 'double' to 'float'
C:\Users\keeep\Documents\School\SNHU\SNHU_GitStuff\CS-499-Breakout-Game\OriginalArtifact_CppCode\CS-330_Artifact\8-2_Assignment\Source\MainCode.cpp(368,58): warning C4305: 'argument': truncation from 'double' to 'float'
C:\Users\keeep\Documents\School\SNHU\SNHU_GitStuff\CS-499-Breakout-Game\OriginalArtifact_CppCode\CS-330_Artifact\8-2_Assignment\Source\MainCode.cpp(368,53): warning C4305: 'argument': truncation from 'double' to 'float'
C:\Users\keeep\Documents\School\SNHU\SNHU_GitStuff\CS-499-Breakout-Game\OriginalArtifact_CppCode\CS-330_Artifact\8-2_Assignment\Source\MainCode.cpp(368,47): warning C4305: 'argument': truncation from 'double' to 'float'
C:\Users\keeep\Documents\School\SNHU\SNHU_GitStuff\CS-499-Breakout-Game\OriginalArtifact_CppCode\CS-330_Artifact\8-2_Assignment\Source\MainCode.cpp(368,42): warning C4305: 'argument': truncation from 'double' to 'float'
C:\Users\keeep\Documents\School\SNHU\SNHU_GitStuff\CS-499-Breakout-Game\OriginalArtifact_CppCode\CS-330_Artifact\8-2_Assignment\Source\MainCode.cpp(368,35): warning C4305: 'argument': truncation from 'double' to 'float'
C:\Users\keeep\Documents\School\SNHU\SNHU_GitStuff\CS-499-Breakout-Game\OriginalArtifact_CppCode\CS-330_Artifact\8-2_Assignment\Source\MainCode.cpp(368,28): warning C4305: 'argument': truncation from 'double' to 'float'
C:\Users\keeep\Documents\School\SNHU\SNHU_GitStuff\CS-499-Breakout-Game\OriginalArtifact_CppCode\CS-330_Artifact\8-2_Assignment\Source\MainCode.cpp(369,41): warning C4305: 'argument': truncation from 'double' to 'float'
C:\Users\keeep\Documents\School\SNHU\SNHU_GitStuff\CS-499-Breakout-Game\OriginalArtifact_CppCode\CS-330_Artifact\8-2_Assignment\Source\MainCode.cpp(369,34): warning C4305: 'argument': truncation from 'double' to 'float'
C:\Users\keeep\Documents\School\SNHU\SNHU_GitStuff\CS-499-Breakout-Game\OriginalArtifact_CppCode\CS-330_Artifact\8-2_Assignment\Source\MainCode.cpp(369,28): warning C4305: 'argument': truncation from 'double' to 'float'
C:\Users\keeep\Documents\School\SNHU\SNHU_GitStuff\CS-499-Breakout-Game\OriginalArtifact_CppCode\CS-330_Artifact\8-2_Assignment\Source\MainCode.cpp(383,21): warning C4018: '<': signed/unsigned mismatch
C:\Users\keeep\Documents\School\SNHU\SNHU_GitStuff\CS-499-Breakout-Game\OriginalArtifact_CppCode\CS-330_Artifact\8-2_Assignment\Source\MainCode.cpp(386,26): warning C4018: '<': signed/unsigned mismatch
C:\Users\keeep\Documents\School\SNHU\SNHU_GitStuff\CS-499-Breakout-Game\OriginalArtifact_CppCode\CS-330_Artifact\8-2_Assignment\Source\MainCode.cpp(443,2): warning C4551: function call missing argument list
C:\Users\keeep\Documents\School\SNHU\SNHU_GitStuff\CS-499-Breakout-Game\OriginalArtifact_CppCode\CS-330_Artifact\8-2_Assignment\Source\MainCode.cpp(467,72): warning C4244: 'argument': conversion from 'double' to 'float', possible loss of data
C:\Users\keeep\Documents\School\SNHU\SNHU_GitStuff\CS-499-Breakout-Game\OriginalArtifact_CppCode\CS-330_Artifact\8-2_Assignment\Source\MainCode.cpp(467,69): warning C4244: 'argument': conversion from 'double' to 'float', possible loss of data
C:\Users\keeep\Documents\School\SNHU\SNHU_GitStuff\CS-499-Breakout-Game\OriginalArtifact_CppCode\CS-330_Artifact\8-2_Assignment\Source\MainCode.cpp(467,66): warning C4244: 'argument': conversion from 'double' to 'float', possible loss of data
C:\Users\keeep\Documents\School\SNHU\SNHU_GitStuff\CS-499-Breakout-Game\OriginalArtifact_CppCode\CS-330_Artifact\8-2_Assignment\Source\MainCode.cpp(467,60): warning C4305: 'argument': truncation from 'double' to 'float'
C:\Users\keeep\Documents\School\SNHU\SNHU_GitStuff\CS-499-Breakout-Game\OriginalArtifact_CppCode\CS-330_Artifact\8-2_Assignment\Source\MainCode.cpp(484,21): warning C4305: '-=': truncation from 'double' to 'float'
C:\Users\keeep\Documents\School\SNHU\SNHU_GitStuff\CS-499-Breakout-Game\OriginalArtifact_CppCode\CS-330_Artifact\8-2_Assignment\Source\MainCode.cpp(485,19): warning C4305: '-=': truncation from 'double' to 'float'
C:\Users\keeep\Documents\School\SNHU\SNHU_GitStuff\CS-499-Breakout-Game\OriginalArtifact_CppCode\CS-330_Artifact\8-2_Assignment\Source\MainCode.cpp(486,20): warning C4305: '-=': truncation from 'double' to 'float'
C:\Users\keeep\Documents\School\SNHU\SNHU_GitStuff\CS-499-Breakout-Game\OriginalArtifact_CppCode\CS-330_Artifact\8-2_Assignment\Source\MainCode.cpp(491,21): warning C4305: '+=': truncation from 'double' to 'float'
C:\Users\keeep\Documents\School\SNHU\SNHU_GitStuff\CS-499-Breakout-Game\OriginalArtifact_CppCode\CS-330_Artifact\8-2_Assignment\Source\MainCode.cpp(492,19): warning C4305: '+=': truncation from 'double' to 'float'
C:\Users\keeep\Documents\School\SNHU\SNHU_GitStuff\CS-499-Breakout-Game\OriginalArtifact_CppCode\CS-330_Artifact\8-2_Assignment\Source\MainCode.cpp(493,20): warning C4305: '+=': truncation from 'double' to 'float'
  Generating code
  91 of 93 functions (97.8%) were compiled, the rest were copied from previous compilation.
    5 functions were new in current compilation
    1 functions had inline decision re-evaluated but remain unchanged
  Finished generating code
  8-2_Assignment.vcxproj -> C:\Users\keeep\Documents\School\SNHU\SNHU_GitStuff\CS-499-Breakout-Game\OriginalArtifact_CppCode\CS-330_Artifact\8-2_Assignment\Release\8-2_Assignment.exe
